// Jest Snapshot v1, https://goo.gl/fbAQLP

exports[`preset-anchor should print the help command 1`] = `
"> NX generate @solana-developers/preset-anchor:anchor-application [name] [options,...]
From: @solana-developers/preset-anchor (v0.0.1)
Name: anchor-application (aliases: application, preset)
undefined
Options:
--name Name of the application [string]
--template The template to use [string] [choices: "counter",
"hello-world"] [default:
"counter"]
--skipFormat Skip formatting files [boolean]"
`;
